0.398: [GC 16128K->1544K(61888K), 0.0015900 secs]
0.598: [GC 17672K->4046K(61888K), 0.0050330 secs]
0.657: [GC 20174K->6987K(61888K), 0.0070970 secs]
0.726: [GC 23115K->9683K(78016K), 0.0099230 secs]
0.824: [GC 41939K->15103K(78016K), 0.0154870 secs]
0.939: [GC 47359K->20697K(115904K), 0.0194880 secs]
1.159: [GC 84057K->30263K(117056K), 0.0280490 secs]
1.396: [GC 93623K->40161K(181184K), 0.0257470 secs]
1.770: [GC 162145K->56611K(185920K), 0.0360000 secs]
1.806: [Full GC 56611K->56373K(219072K), 0.1265690 secs]
2.284: [GC 165055K->71250K(212864K), 0.0380080 secs]
2.659: [GC 178770K->86000K(217344K), 0.0472710 secs]
2.707: [Full GC 86000K->85795K(270848K), 0.1881100 secs]
3.214: [GC 183743K->99338K(268736K), 0.0410460 secs]
3.606: [GC 206090K->114527K(270464K), 0.0405250 secs]
3.998: [GC 221279K->129125K(260864K), 0.0557920 secs]
4.054: [Full GC 129125K->128908K(333376K), 0.2821600 secs]
4.732: [GC 226060K->142684K(338176K), 0.0216550 secs]
5.081: [GC 239836K->156264K(335808K), 0.0300640 secs]
5.464: [GC 252776K->169701K(337856K), 0.0395330 secs]
5.824: [GC 266213K->182927K(305856K), 0.0492900 secs]
6.131: [GC 247439K->192343K(321856K), 0.0493660 secs]
6.414: [GC 256855K->201967K(319616K), 0.0286090 secs]
6.691: [GC 269615K->211641K(311552K), 0.0363720 secs]
6.994: [GC 279289K->221225K(316672K), 0.0421490 secs]
7.259: [GC 279465K->229527K(318720K), 0.0529390 secs]
7.312: [Full GC 229527K->227001K(411904K), 0.5957900 secs]
8.049: [GC 260479K->232460K(411904K), 0.0665880 secs]
8.338: [GC 290700K->240984K(411904K), 0.0334910 secs]
8.606: [GC 299224K->249313K(411904K), 0.0452160 secs]
8.895: [GC 307553K->257517K(411904K), 0.0193720 secs]
9.146: [GC 315757K->265864K(411904K), 0.0192040 secs]
9.397: [GC 324104K->274101K(411904K), 0.0195410 secs]
9.416: [Full GC 274101K->273933K(466048K), 0.6302630 secs]
10.291: [GC 332173K->282185K(466048K), 0.0119920 secs]
10.526: [GC 340425K->290669K(424576K), 0.0176750 secs]
10.797: [GC 348909K->298625K(465088K), 0.0244100 secs]
11.073: [GC 358849K->307041K(463104K), 0.0292450 secs]
11.338: [GC 367265K->315510K(462336K), 0.0354160 secs]
11.627: [GC 373750K->323468K(466048K), 0.0424390 secs]
11.891: [GC 381708K->331531K(466048K), 0.0339480 secs]
12.174: [GC 389771K->339281K(466048K), 0.0399890 secs]
12.443: [GC 397521K->347374K(463360K), 0.0370190 secs]
12.480: [Full GC 347374K->347007K(463360K), 0.7837720 secs]
13.534: [Full GC 405247K->354824K(463360K), 0.8276360 secs]
14.552: [Full GC 407805K->360764K(463360K), 0.8959070 secs]
15.664: [Full GC 407807K->369766K(463360K), 0.8572430 secs]
16.664: [Full GC 407807K->374878K(463360K), 0.8585630 secs]
17.656: [Full GC 407807K->379348K(463360K), 0.8695410 secs]
18.649: [Full GC 407807K->380136K(463360K), 0.9585810 secs]
19.732: [Full GC 407807K->386729K(463360K), 0.8859690 secs]
20.733: [Full GC 407807K->389248K(463360K), 0.8864590 secs]
21.695: [Full GC 407807K->391765K(463360K), 0.8913020 secs]
22.648: [Full GC 407807K->391114K(463360K), 0.9037150 secs]
23.658: [Full GC 407807K->396356K(463360K), 0.8996140 secs]
24.609: [Full GC 407807K->397716K(463360K), 0.9041020 secs]
25.561: [Full GC 407807K->399204K(463360K), 0.9085400 secs]
26.511: [Full GC 407807K->397244K(463360K), 0.9141550 secs]
27.497: [Full GC 407807K->401415K(463360K), 0.9100610 secs]
28.412: [Full GC 407807K->402553K(463360K), 0.8499370 secs]
29.307: [Full GC 407807K->403107K(463360K), 0.9100220 secs]
30.226: [Full GC 407807K->400853K(463360K), 0.8538160 secs]
31.120: [Full GC 407807K->404777K(463360K), 0.9174350 secs]
32.044: [Full GC 407807K->405217K(463360K), 0.8541810 secs]
32.937: [Full GC 407807K->405305K(463360K), 0.9170680 secs]
33.859: [Full GC 407807K->402866K(463360K), 0.8545140 secs]
34.782: [Full GC 407807K->406198K(463360K), 0.9195680 secs]
35.705: [Full GC 407807K->406654K(463360K), 0.8604950 secs]
36.568: [Full GC 407807K->406851K(463360K), 0.8696370 secs]
37.438: [Full GC 407807K->403983K(463360K), 0.8877980 secs]
38.328: [Full GC 407807K->406247K(463360K), 0.8549230 secs]
